################################################################################
#                                                                              #
#      IAR Universal Linker V4.61L/W32                                         #
#                                                                              #
#           Link time     =  28/Apr/2011  15:45:56                             #
#           Target CPU    =  x51                                               #
#           List file     =  "D:\FEIBIT CC2530\BasicRF µ—Èº∞‘¥≥Ã–Ú\CC2530 Basi #
#                            cRF\CC2530 BasicRF\ide\srf05_cc2530_91\iar\temp\p #
#                            er_test.map"                                      #
#           Output file 1 =  "D:\FEIBIT CC2530\BasicRF µ—Èº∞‘¥≥Ã–Ú\CC2530 Basi #
#                            cRF\CC2530 BasicRF\ide\srf05_cc2530_91\iar\per_te #
#                            st.hex"                                           #
#                            Format: intel-extended                            #
#           Output file 2 =  "D:\FEIBIT CC2530\BasicRF µ—Èº∞‘¥≥Ã–Ú\CC2530 Basi #
#                            cRF\CC2530 BasicRF\ide\srf05_cc2530_91\iar\per_te #
#                            st.d51"                                           #
#                            Format: debug                                     #
#                            UBROF version 10.0.2                              #
#                            Using library modules for C-SPY (-rt)             #
#           Command line  =  "-IC:\Program Files\IAR Systems\Embedded Workbenc #
#                            h 5.3\8051\CONFIG\"                               #
#                            -D_NR_OF_BANKS=0 -D_CODEBANK_END=0                #
#                            -D_CODEBANK_START=0                               #
#                            "D:\FEIBIT CC2530\BasicRF µ—Èº∞‘¥≥Ã–Ú\CC2530 Basi #
#                            cRF\CC2530 BasicRF\ide\srf05_cc2530_91\iar\temp\p #
#                            er_test\adc.r51"                                  #
#                            "D:\FEIBIT CC2530\BasicRF µ—Èº∞‘¥≥Ã–Ú\CC2530 Basi #
#                            cRF\CC2530 BasicRF\ide\srf05_cc2530_91\iar\temp\p #
#                            er_test\basic_rf.r51"                             #
#                            "D:\FEIBIT CC2530\BasicRF µ—Èº∞‘¥≥Ã–Ú\CC2530 Basi #
#                            cRF\CC2530 BasicRF\ide\srf05_cc2530_91\iar\temp\p #
#                            er_test\clock.r51"                                #
#                            "D:\FEIBIT CC2530\BasicRF µ—Èº∞‘¥≥Ã–Ú\CC2530 Basi #
#                            cRF\CC2530 BasicRF\ide\srf05_cc2530_91\iar\temp\p #
#                            er_test\hal_assert.r51"                           #
#                            "D:\FEIBIT CC2530\BasicRF µ—Èº∞‘¥≥Ã–Ú\CC2530 Basi #
#                            cRF\CC2530 BasicRF\ide\srf05_cc2530_91\iar\temp\p #
#                            er_test\hal_board.r51"                            #
#                            "D:\FEIBIT CC2530\BasicRF µ—Èº∞‘¥≥Ã–Ú\CC2530 Basi #
#                            cRF\CC2530 BasicRF\ide\srf05_cc2530_91\iar\temp\p #
#                            er_test\hal_button.r51"                           #
#                            "D:\FEIBIT CC2530\BasicRF µ—Èº∞‘¥≥Ã–Ú\CC2530 Basi #
#                            cRF\CC2530 BasicRF\ide\srf05_cc2530_91\iar\temp\p #
#                            er_test\hal_digio.r51"                            #
#                            "D:\FEIBIT CC2530\BasicRF µ—Èº∞‘¥≥Ã–Ú\CC2530 Basi #
#                            cRF\CC2530 BasicRF\ide\srf05_cc2530_91\iar\temp\p #
#                            er_test\hal_int.r51"                              #
#                            "D:\FEIBIT CC2530\BasicRF µ—Èº∞‘¥≥Ã–Ú\CC2530 Basi #
#                            cRF\CC2530 BasicRF\ide\srf05_cc2530_91\iar\temp\p #
#                            er_test\hal_joystick.r51"                         #
#                            "D:\FEIBIT CC2530\BasicRF µ—Èº∞‘¥≥Ã–Ú\CC2530 Basi #
#                            cRF\CC2530 BasicRF\ide\srf05_cc2530_91\iar\temp\p #
#                            er_test\hal_lcd_srf05.r51"                        #
#                            "D:\FEIBIT CC2530\BasicRF µ—Èº∞‘¥≥Ã–Ú\CC2530 Basi #
#                            cRF\CC2530 BasicRF\ide\srf05_cc2530_91\iar\temp\p #
#                            er_test\hal_led.r51"                              #
#                            "D:\FEIBIT CC2530\BasicRF µ—Èº∞‘¥≥Ã–Ú\CC2530 Basi #
#                            cRF\CC2530 BasicRF\ide\srf05_cc2530_91\iar\temp\p #
#                            er_test\hal_mcu.r51"                              #
#                            "D:\FEIBIT CC2530\BasicRF µ—Èº∞‘¥≥Ã–Ú\CC2530 Basi #
#                            cRF\CC2530 BasicRF\ide\srf05_cc2530_91\iar\temp\p #
#                            er_test\hal_rf.r51"                               #
#                            "D:\FEIBIT CC2530\BasicRF µ—Èº∞‘¥≥Ã–Ú\CC2530 Basi #
#                            cRF\CC2530 BasicRF\ide\srf05_cc2530_91\iar\temp\p #
#                            er_test\hal_timer_32k.r51"                        #
#                            "D:\FEIBIT CC2530\BasicRF µ—Èº∞‘¥≥Ã–Ú\CC2530 Basi #
#                            cRF\CC2530 BasicRF\ide\srf05_cc2530_91\iar\temp\p #
#                            er_test\per_test.r51"                             #
#                            "D:\FEIBIT CC2530\BasicRF µ—Èº∞‘¥≥Ã–Ú\CC2530 Basi #
#                            cRF\CC2530 BasicRF\ide\srf05_cc2530_91\iar\temp\p #
#                            er_test\per_test_menu.r51"                        #
#                            "D:\FEIBIT CC2530\BasicRF µ—Èº∞‘¥≥Ã–Ú\CC2530 Basi #
#                            cRF\CC2530 BasicRF\ide\srf05_cc2530_91\iar\temp\p #
#                            er_test\util.r51"                                 #
#                            "D:\FEIBIT CC2530\BasicRF µ—Èº∞‘¥≥Ã–Ú\CC2530 Basi #
#                            cRF\CC2530 BasicRF\ide\srf05_cc2530_91\iar\temp\p #
#                            er_test\util_buffer.r51"                          #
#                            "D:\FEIBIT CC2530\BasicRF µ—Èº∞‘¥≥Ã–Ú\CC2530 Basi #
#                            cRF\CC2530 BasicRF\ide\srf05_cc2530_91\iar\temp\p #
#                            er_test\util_lcd.r51"                             #
#                            -o                                                #
#                            "D:\FEIBIT CC2530\BasicRF µ—Èº∞‘¥≥Ã–Ú\CC2530 Basi #
#                            cRF\CC2530 BasicRF\ide\srf05_cc2530_91\iar\per_te #
#                            st.d51"                                           #
#                            -l                                                #
#                            "D:\FEIBIT CC2530\BasicRF µ—Èº∞‘¥≥Ã–Ú\CC2530 Basi #
#                            cRF\CC2530 BasicRF\ide\srf05_cc2530_91\iar\temp\p #
#                            er_test.map"                                      #
#                            -xmsn                                             #
#                            "-IC:\Program Files\IAR Systems\Embedded Workbenc #
#                            h 5.3\8051\LIB\"                                  #
#                            -f lnk51ew_cc2530b.xcl (-D_IDATA_END=0xFF         #
#                            -D_PDATA_START=0x1E00 -D_PDATA_END=0x1EFF         #
#                            -D_IXDATA_START=0x0001 -D_IXDATA_END=0x1EFF       #
#                            -D_XDATA_START=_IXDATA_START                      #
#                            -D_XDATA_END=_IXDATA_END -D_CODE_START=0x0000     #
#                            -D_CODE_END=0x7FFF -D_FIRST_BANK_ADDR=0x10000     #
#                            -M(CODE)[(_CODEBANK_START+_FIRST_BANK_ADDR)-(_COD #
#                            EBANK_END+_FIRST_BANK_ADDR)]*_NR_OF_BANKS+0x10000 #
#                            =0x8000                                           #
#                            -ww69=i -D_NEAR_CODE_END=_CODE_END                #
#                            -D?REGISTER_BANK=0 -D_REGISTER_BANK_START=0       #
#                            -D?PBANK_NUMBER=0x1E -D?PBANK=0x93                #
#                            -D_BREG_START=0x00 -D?VB=0x20                     #
#                            -D_FAR_DATA_NR_OF_BANKS=0x0E                      #
#                            -D_FAR_DATA_START=0x010001                        #
#                            -D_FAR_DATA_END=0xFFFFFF                          #
#                            -D_FAR_CODE_START=_CODE_START                     #
#                            -D_FAR_CODE_END=_CODE_END -f lnk_base.xcl         #
#                            (-Z(BIT)BREG=_BREG_START -Z(BIT)BIT_N=0-7F        #
#                            -Z(DATA)REGISTERS+8=_REGISTER_BANK_START          #
#                            -Z(DATA)BDATA_Z,BDATA_N,BDATA_I=20-2F             #
#                            -Z(DATA)VREG+_NR_OF_VIRTUAL_REGISTERS=08-7F       #
#                            -Z(DATA)PSP,XSP=08-7F -Z(DATA)DOVERLAY=08-7F      #
#                            -Z(DATA)DATA_I,DATA_Z,DATA_N=08-7F                #
#                            -U(IDATA)0-7F=(DATA)0-7F                          #
#                            -Z(IDATA)IDATA_I,IDATA_Z,IDATA_N=08-_IDATA_END    #
#                            -Z(IDATA)ISTACK+_IDATA_STACK_SIZE#08-_IDATA_END   #
#                            -Z(IDATA)IOVERLAY=08-FF -Z(CODE)INTVEC=0          #
#                            -Z(CODE)CSTART=_CODE_START-_CODE_END              #
#                            -Z(CODE)BIT_ID,BDATA_ID,DATA_ID,IDATA_ID,IXDATA_I #
#                            D,PDATA_ID,XDATA_ID=_CODE_START-_CODE_END         #
#                            -Z(CODE)HUGE_ID=_FAR_CODE_START-_FAR_CODE_END     #
#                            -Z(CODE)BANK_RELAYS,RCODE,DIFUNCT,CODE_C,CODE_N,N #
#                            EAR_CODE=_CODE_START-_CODE_END                    #
#                            -P(CODE)BANKED_CODE=_CODE_START-_CODE_END,[(_CODE #
#                            BANK_START+_FIRST_BANK_ADDR)-(_CODEBANK_END+_FIRS #
#                            T_BANK_ADDR)]*_NR_OF_BANKS+10000                  #
#                            -P(CODE)FAR_CODE_C,FAR_CODE_N,FAR_CODE=[_FAR_CODE #
#                            _START-_FAR_CODE_END]/10000                       #
#                            -P(CODE)HUGE_CODE_C=_FAR_CODE_START-_FAR_CODE_END #
#                            -Z(CODE)CHECKSUM#_CODE_END                        #
#                            -Z(XDATA)EXT_STACK+_EXTENDED_STACK_SIZE=_EXTENDED #
#                            _STACK_START                                      #
#                            -Z(XDATA)PSTACK+_PDATA_STACK_SIZE=_PDATA_START-_P #
#                            DATA_END                                          #
#                            -Z(XDATA)XSTACK+_XDATA_STACK_SIZE=_XDATA_START-_X #
#                            DATA_END                                          #
#                            -Z(XDATA)PDATA_Z,PDATA_I=_PDATA_START-_PDATA_END  #
#                            -P(XDATA)PDATA_N=_PDATA_START-_PDATA_END          #
#                            -Z(XDATA)IXDATA_Z,IXDATA_I=_IXDATA_START-_IXDATA_ #
#                            END                                               #
#                            -P(XDATA)IXDATA_N=_IXDATA_START-_IXDATA_END       #
#                            -Z(XDATA)XDATA_Z,XDATA_I=_XDATA_START-_XDATA_END  #
#                            -P(XDATA)XDATA_N=_XDATA_START-_XDATA_END          #
#                            -Z(XDATA)XDATA_HEAP+_XDATA_HEAP_SIZE=_XDATA_START #
#                            -_XDATA_END                                       #
#                            -Z(CONST)XDATA_ROM_C=_XDATA_START-_XDATA_END      #
#                            -Z(XDATA)FAR_Z=[_FAR_DATA_START-_FAR_DATA_END]/10 #
#                            000                                               #
#                            -Z(XDATA)FAR_I=[_FAR_DATA_START-_FAR_DATA_END]/10 #
#                            000                                               #
#                            -Z(CODE)FAR_ID=[_FAR_CODE_START-_FAR_CODE_END]/10 #
#                            000                                               #
#                            -Z(XDATA)FAR_HEAP+_FAR_HEAP_SIZE=[_FAR_DATA_START #
#                            -_FAR_DATA_END]/10000                             #
#                            -P(XDATA)FAR_N=[_FAR_DATA_START-_FAR_DATA_END]*_F #
#                            AR_DATA_NR_OF_BANKS+10000                         #
#                            -P(CONST)FAR_ROM_C=[_FAR_DATA_START-_FAR_DATA_END #
#                            ]*_FAR_DATA_NR_OF_BANKS+10000                     #
#                            -Z(XDATA)HUGE_Z,HUGE_I=_FAR_DATA_START-_FAR_DATA_ #
#                            END                                               #
#                            -P(XDATA)HUGE_N=_FAR_DATA_START-_FAR_DATA_END     #
#                            -Z(XDATA)HUGE_HEAP+_HUGE_HEAP_SIZE=_FAR_DATA_STAR #
#                            T-_FAR_DATA_END                                   #
#                            -Z(CONST)HUGE_ROM_C=_FAR_DATA_START-_FAR_DATA_END #
#                            -cx51) -D_BANK0_START=0x00000                     #
#                            -D_BANK0_END=0x07FFF -D_BANK1_START=0x18000       #
#                            -D_BANK1_END=0x1FFFF -D_BANK2_START=0x28000       #
#                            -D_BANK2_END=0x2FFFF -D_BANK3_START=0x38000       #
#                            -D_BANK3_END=0x3FFFF -D_BANK4_START=0x48000       #
#                            -D_BANK4_END=0x4FFFF -D_BANK5_START=0x58000       #
#                            -D_BANK5_END=0x5FFFF -D_BANK6_START=0x68000       #
#                            -D_BANK6_END=0x6FFFF -D_BANK7_START=0x78000       #
#                            -D_BANK7_END=0x7FFFF                              #
#                            -P(CODE)BANK0=_BANK0_START-_BANK0_END             #
#                            -P(CODE)BANK1=_BANK1_START-_BANK1_END             #
#                            -P(CODE)BANK2=_BANK2_START-_BANK2_END             #
#                            -P(CODE)BANK3=_BANK3_START-_BANK3_END             #
#                            -P(CODE)BANK4=_BANK4_START-_BANK4_END             #
#                            -P(CODE)BANK5=_BANK5_START-_BANK5_END             #
#                            -P(CODE)BANK6=_BANK6_START-_BANK6_END             #
#                            -P(CODE)BANK7=_BANK7_START-_BANK7_END             #
#                            -D_FLASH_LOCK_BITS_START=((_NR_OF_BANKS*_FIRST_BA #
#                            NK_ADDR)+0xFFF0)                                  #
#                            -D_FLASH_LOCK_BITS_END=((_NR_OF_BANKS*_FIRST_BANK #
#                            _ADDR)+0xFFFF)                                    #
#                            -Z(CODE)FLASH_LOCK_BITS=_FLASH_LOCK_BITS_START-_F #
#                            LASH_LOCK_BITS_END                                #
#                            -U(CODE)0x0000=(CODE)_FLASH_LOCK_BITS_START-_FLAS #
#                            H_LOCK_BITS_END)                                  #
#                            -D_NR_OF_VIRTUAL_REGISTERS=8                      #
#                            -e_medium_write=_formatted_write                  #
#                            -e_medium_read=_formatted_read -rt                #
#                            "-Ointel-extended=D:\FEIBIT CC2530\BasicRF µ—Èº∞‘ #
#                            ¥≥Ã–Ú\CC2530 BasicRF\CC2530 BasicRF\ide\srf05_cc2 #
#                            530_91\iar\per_test.hex"                          #
#                            -s __program_start                                #
#                            "C:\Program Files\IAR Systems\Embedded Workbench  #
#                            5.3\8051\LIB\CLIB\cl-pli-nlxd-1e16x01.r51"        #
#                            -D_IDATA_STACK_SIZE=0x40                          #
#                            -D_EXTENDED_STACK_START=0x00                      #
#                            -D_EXTENDED_STACK_SIZE=0x00                       #
#                            -D_PDATA_STACK_SIZE=0x80                          #
#                            -D_XDATA_STACK_SIZE=0x100                         #
#                            -D_XDATA_HEAP_SIZE=0xFF -D_FAR_HEAP_SIZE=0xFFF    #
#                            -D_HUGE_HEAP_SIZE=0xFFF                           #
#                                                                              #
#                           Copyright (C) 1987-2009 IAR Systems AB.            #
################################################################################





                ****************************************
                *                                      *
                *           CROSS REFERENCE            *
                *                                      *
                ****************************************

       Program entry at : CODE      000000D3  Relocatable, from module : CSTARTUP




                ****************************************
                *                                      *
                *            RUNTIME MODEL             *
                *                                      *
                ****************************************

  __calling_convention     = xdata_reentrant
  __code_model             = near
  __core                   = plain
  __data_model             = large
  __dptr_size              = 16
  __extended_stack         = disabled
  __location_for_constants = data
  __number_of_dptrs        = 1
  __rt_version             = 1



                ****************************************
                *                                      *
                *              MODULE MAP              *
                *                                      *
                ****************************************


  DEFINED ABSOLUTE ENTRIES
    *************************************************************************

  DEFINED ABSOLUTE ENTRIES
  PROGRAM MODULE, NAME : ?ABS_ENTRY_MOD

Absolute parts
           ENTRY                   ADDRESS         REF BY
           =====                   =======         ======
           _HUGE_HEAP_SIZE         00000FFF 
           _FAR_HEAP_SIZE          00000FFF 
           _XDATA_HEAP_SIZE        000000FF 
           _XDATA_STACK_SIZE       00000100 
           _PDATA_STACK_SIZE       00000080 
           _EXTENDED_STACK_SIZE    00000000 
           _EXTENDED_STACK_START   00000000 
           _IDATA_STACK_SIZE       00000040 
           _NR_OF_VIRTUAL_REGISTERS
                                   00000008 
           _FLASH_LOCK_BITS_END    0000FFFF 
           _FLASH_LOCK_BITS_START
                                   0000FFF0 
           _BANK7_END              0007FFFF 
           _BANK7_START            00078000 
           _BANK6_END              0006FFFF 
           _BANK6_START            00068000 
           _BANK5_END              0005FFFF 
           _BANK5_START            00058000 
           _BANK4_END              0004FFFF 
           _BANK4_START            00048000 
           _BANK3_END              0003FFFF 
           _BANK3_START            00038000 
           _BANK2_END              0002FFFF 
           _BANK2_START            00028000 
           _BANK1_END              0001FFFF 
           _BANK1_START            00018000 
           _BANK0_END              00007FFF 
           _BANK0_START            00000000 
           _FAR_CODE_END           00007FFF 
           _FAR_CODE_START         00000000 
           _FAR_DATA_END           00FFFFFF 
           _FAR_DATA_START         00010001 
           _FAR_DATA_NR_OF_BANKS   0000000E 
           ?VB                     00000020        ?FUNC_ENTER_XDATA (?FUNC_ENTER_XDATA)
                                                   ?FUNC_LEAVE_XDATA (?FUNC_LEAVE_XDATA)
                                                   ?INTERRUPT_ENTER_XSP (?INTERRUPT_ENTER_XSP)
                                                   ?INTERRUPT_LEAVE_XSP (?INTERRUPT_LEAVE_XSP)
           _BREG_START             00000000 
           ?PBANK                  00000093 
           ?PBANK_NUMBER           0000001E 
           _REGISTER_BANK_START    00000000 
           ?REGISTER_BANK          00000000        Segment part 6 (CSTARTUP)
           _NEAR_CODE_END          00007FFF 
           _FIRST_BANK_ADDR        00010000 
           _CODE_END               00007FFF 
           _CODE_START             00000000 
           _XDATA_END              00001EFF 
           _XDATA_START            00000001 
           _IXDATA_END             00001EFF 
           _IXDATA_START           00000001 
           _PDATA_END              00001EFF 
           _PDATA_START            00001E00 
           _IDATA_END              000000FF 
           _CODEBANK_START         00000000 
           _CODEBANK_END           00000000 
           _NR_OF_BANKS            00000000 
    *************************************************************************

  FILE NAME : D:\FEIBIT CC2530\BasicRF µ—Èº∞‘¥≥Ã–Ú\CC2530 BasicRF\CC2530 BasicRF\ide\srf05_cc2530_91\iar\temp\per_test\adc.r51
  PROGRAM MODULE, NAME : adc

  SEGMENTS IN THE MODULE
  ======================
SFR_AN
  Relative segment, address: DATA 00000088 - 00000088 (0x1 bytes), align: 0
  Segment part 1. ROOT.       Intra module refs:   adcSampleSingle
           ENTRY                   ADDRESS         REF BY
           =====                   =======         ======
           _A_TCON                 00000088 
    -------------------------------------------------------------------------
SFR_AN
  Relative segment, address: DATA 000000B6 - 000000B6 (0x1 bytes), align: 0
  Segment part 2. ROOT.       Intra module refs:   adcSampleSingle
           ENTRY                   ADDRESS         REF BY
           =====                   =======         ======
           ADCCON3                 000000B6 
    -------------------------------------------------------------------------
SFR_AN
  Relative segment, address: DATA 000000BA - 000000BA (0x1 bytes), align: 0
  Segment part 3. ROOT.       Intra module refs:   adcSampleSingle
           ENTRY                   ADDRESS         REF BY
           =====                   =======         ======
           ADCL                    000000BA 
    -------------------------------------------------------------------------
SFR_AN
  Relative segment, address: DATA 000000BB - 000000BB (0x1 bytes), align: 0
  Segment part 4. ROOT.       Intra module refs:   adcSampleSingle
           ENTRY                   ADDRESS         REF BY
           =====                   =======         ======
           ADCH                    000000BB 
    -------------------------------------------------------------------------
SFR_AN
  Relative segment, address: DATA 000000F2 - 000000F2 (0x1 bytes), align: 0
  Segment part 5. ROOT.       Intra module refs:   adcSampleSingle
           ENTRY                   ADDRESS         REF BY
           =====                   =======         ======
           ADCCFG                  000000F2 
    -------------------------------------------------------------------------
NEAR_CODE
  Relative segment, address: CODE 00000FAF - 00000FF1 (0x43 bytes), align: 0
  Segment part 11.
           ENTRY                   ADDRESS         REF BY
           =====                   =======         ======
           adcSampleSingle         00000FAF        halJoystickGetDir (hal_joystick)
                                                   halJoystickPushed (hal_joystick)
               ISTACK = 00000000 ( 00000002 )

    *************************************************************************

  FILE NAME : D:\FEIBIT CC2530\BasicRF µ—Èº∞‘¥≥Ã–Ú\CC2530 BasicRF\CC2530 BasicRF\ide\srf05_cc2530_91\iar\temp\per_test\basic_rf.r51
  PROGRAM MODULE, NAME : basic_rf

  SEGMENTS IN THE MODULE
  ======================
XDATA_I
  Relative segment, address: XDATA 000002B5 - 000002C0 (0xc bytes), align: 0
  Segment part 6.             Intra module refs:   basicRfInit
                                                   basicRfPacketIsReady
                                                   basicRfReceive
                                                   basicRfRxFrmDoneIsr
           LOCAL                   ADDRESS         
           =====                   =======         
           rxi                     000002B5 
    -------------------------------------------------------------------------
XDATA_I
  Relative segment, address: XDATA 000002C1 - 000002C4 (0x4 bytes), align: 0
  Segment part 12.            Intra module refs:   appReceiver (per_test)
                                                   appTransmitter (per_test)
                                                   basicRfInit
                                                   convInt32ToText (util)
           ENTRY                   ADDRESS         REF BY
           =====                   =======         ======
           __Constant_0            000002C1 
    -------------------------------------------------------------------------
XDATA_Z
  Relative segment, address: XDATA 00000101 - 00000107 (0x7 bytes), align: 0
  Segment part 8.             Intra module refs:   basicRfInit
                                                   basicRfReceiveOff
                                                   basicRfReceiveOn
                                                   basicRfRxFrmDoneIsr
                                                   basicRfSendPacket
           LOCAL                   ADDRESS         
           =====                   =======         
           txState                 00000101 
    -------------------------------------------------------------------------
XDATA_Z
  Relative segment, address: XDATA 00000108 - 00000109 (0x2 bytes), align: 0
  Segment part 9.             Intra module refs:   ?Subroutine6
                                                   basicRfInit
           LOCAL                   ADDRESS         
           =====                   =======         
           pConfig                 00000108 
    -------------------------------------------------------------------------
XDATA_Z
  Relative segment, address: XDATA 0000010A - 0000017C (0x73 bytes), align: 0
  Segment part 10.            Intra module refs:   basicRfSendPacket
           LOCAL                   ADDRESS         
           =====                   =======         
           txMpdu                  0000010A 
    -------------------------------------------------------------------------
XDATA_Z
  Relative segment, address: XDATA 0000017D - 000001FC (0x80 bytes), align: 0
  Segment part 11.            Intra module refs:   ?Subroutine3
                                                   basicRfRxFrmDoneIsr
           LOCAL                   ADDRESS         
           =====                   =======         
           rxMpdu                  0000017D 
    -------------------------------------------------------------------------
NEAR_CODE
  Relative segment, address: CODE 00000FF2 - 000010D1 (0xe0 bytes), align: 0
  Segment part 14.            Intra module refs:   basicRfInit
           LOCAL                   ADDRESS         
           =====                   =======         
           basicRfRxFrmDoneIsr     00000FF2 
               calls direct, is indirectly called
               ISTACK = 00000000 ( 00000002 )
    -------------------------------------------------------------------------
NEAR_CODE
  Relative segment, address: CODE 000010D2 - 000010D2 (0x1 bytes), align: 0
  Segment part 15.            Intra module refs:   basicRfPacketIsReady
           LOCAL                   ADDRESS         
           =====                   =======         
           ?Subroutine7            000010D2 
    -------------------------------------------------------------------------
NEAR_CODE
  Relative segment, address: CODE 000010D3 - 000010D7 (0x5 bytes), align: 0
  Segment part 16.            Intra module refs:   ?Subroutine7
                                                   basicRfReceiveOff
                                                   basicRfReceiveOn
                                                   basicRfRxFrmDoneIsr
    -------------------------------------------------------------------------
NEAR_CODE
  Relative segment, address: CODE 000010D8 - 000010E5 (0xe bytes), align: 0
  Segment part 17.            Intra module refs:   basicRfRxFrmDoneIsr
           LOCAL                   ADDRESS         
           =====                   =======         
           ?Subroutine3            000010D8 
    -------------------------------------------------------------------------
NEAR_CODE
  Relative segment, address: CODE 000010E6 - 00001157 (0x72 bytes), align: 0
  Segment part 18.
           ENTRY                   ADDRESS         REF BY
           =====                   =======         ======
           basicRfInit             000010E6        ?Subroutine0 (per_test)
               calls direct
               XSTACK = 00000000 ( 0000000B )
    -------------------------------------------------------------------------
NEAR_CODE
  Relative segment, address: CODE 00001158 - 0000115B (0x4 bytes), align: 0
  Segment part 19.            Intra module refs:   basicRfInit
           LOCAL                   ADDRESS         
           =====                   =======         
           ?Subroutine2            00001158 
    -------------------------------------------------------------------------
NEAR_CODE
  Relative segment, address: CODE 0000115C - 00001161 (0x6 bytes), align: 0
  Segment part 20.            Intra module refs:   ?Subroutine0
                                                   ?Subroutine2
           LOCAL                   ADDRESS         
           =====                   =======         
           ?Subroutine4            0000115C 
    -------------------------------------------------------------------------
NEAR_CODE
  Relative segment, address: CODE 00001162 - 00001246 (0xe5 bytes), align: 0
  Segment part 21.
           ENTRY                   ADDRESS         REF BY
           =====                   =======         ======
           basicRfSendPacket       00001162        appTransmitter (per_test)
               calls direct
               XSTACK = 00000000 ( 0000000A )
               ISTACK = 00000000 ( 00000001 )
    -------------------------------------------------------------------------
NEAR_CODE
  Relative segment, address: CODE 00001247 - 0000124B (0x5 bytes), align: 0
  Segment part 22.            Intra module refs:   basicRfSendPacket
           LOCAL                   ADDRESS         
           =====                   =======         
           ?Subroutine1            00001247 
    -------------------------------------------------------------------------
NEAR_CODE
  Relative segment, address: CODE 0000124C - 0000124F (0x4 bytes), align: 0
  Segment part 23.            Intra module refs:   ?Subroutine1
                                                   basicRfInit
           LOCAL                   ADDRESS         
           =====                   =======         
           ?Subroutine5            0000124C 
    -------------------------------------------------------------------------
NEAR_CODE
  Relative segment, address: CODE 00001250 - 0000125B (0xc bytes), align: 0
  Segment part 24.            Intra module refs:   ?Subroutine4
                                                   ?Subroutine5
           LOCAL                   ADDRESS         
           =====                   =======         
           ?Subroutine6            00001250 
    -------------------------------------------------------------------------
NEAR_CODE
  Relative segment, address: CODE 0000125C - 00001263 (0x8 bytes), align: 0
  Segment part 25.            Intra module refs:   basicRfSendPacket
           LOCAL                   ADDRESS         
           =====                   =======         
           ?Subroutine0            0000125C 
    -------------------------------------------------------------------------
NEAR_CODE
  Relative segment, address: CODE 00001264 - 0000126E (0xb bytes), align: 0
  Segment part 26.
           ENTRY                   ADDRESS         REF BY
           =====                   =======         ======
           basicRfPacketIsReady    00001264        appReceiver (per_test)
               ISTACK = 00000000 ( 00000002 )
    -------------------------------------------------------------------------
NEAR_CODE
  Relative segment, address: CODE 0000126F - 000012E7 (0x79 bytes), align: 0
  Segment part 27.
           ENTRY                   ADDRESS         REF BY
           =====                   =======         ======
           basicRfReceive          0000126F        appReceiver (per_test)
               calls direct
               XSTACK = 00000000 ( 0000000F )
    -------------------------------------------------------------------------
NEAR_CODE
  Relative segment, address: CODE 000012E8 - 000012F7 (0x10 bytes), align: 0
  Segment part 29.
           ENTRY                   ADDRESS         REF BY
           =====                   =======         ======
           basicRfReceiveOn        000012E8        appReceiver (per_test)
               calls direct
               ISTACK = 00000000 ( 00000002 )
    -------------------------------------------------------------------------
NEAR_CODE
  Relative segment, address: CODE 000012F8 - 00001306 (0xf bytes), align: 0
  Segment part 30.
           ENTRY                   ADDRESS         REF BY
           =====                   =======         ======
           basicRfReceiveOff       000012F8        appTransmitter (per_test)
               calls direct
               ISTACK = 00000000 ( 00000002 )
    -------------------------------------------------------------------------
XDATA_ID
  Relative segment, address: CODE 000000E5 - 000000F0 (0xc bytes), align: 0
  Segment part 7.             Intra module refs:   rxi
    -------------------------------------------------------------------------
XDATA_ID
  Relative segment, address: CODE 000000F1 - 000000F4 (0x4 bytes), align: 0
  Segment part 13.            Intra module refs:   __Constant_0

    *************************************************************************

  FILE NAME : D:\FEIBIT CC2530\BasicRF µ—Èº∞‘¥≥Ã–Ú\CC2530 BasicRF\CC2530 BasicRF\ide\srf05_cc2530_91\iar\temp\per_test\clock.r51
  PROGRAM MODULE, NAME : clock

  SEGMENTS IN THE MODULE
  ======================
SFR_AN
  Relative segment, address: DATA 0000009D - 0000009D (0x1 bytes), align: 0
  Segment part 1. ROOT.       Intra module refs:   clockSetMainSrc
           ENTRY                   ADDRESS         REF BY
           =====                   =======         ======
           SLEEPSTA                0000009D 
    -------------------------------------------------------------------------
SFR_AN
  Relative segment, address: DATA 0000009E - 0000009E (0x1 bytes), align: 0
  Segment part 2. ROOT.       Intra module refs:   clockSelect32k
                                                   clockSetMainSrc
                                                   halLcdSpiInit (hal_board)
           ENTRY                   ADDRESS         REF BY
           =====                   =======         ======
           CLKCONSTA               0000009E 
    -------------------------------------------------------------------------
SFR_AN
  Relative segment, address: DATA 000000BE - 000000BE (0x1 bytes), align: 0
  Segment part 3. ROOT.       Intra module refs:   clockSetMainSrc
           ENTRY                   ADDRESS         REF BY
           =====                   =======         ======
           SLEEPCMD                000000BE 
    -------------------------------------------------------------------------
SFR_AN
  Relative segment, address: DATA 000000C6 - 000000C6 (0x1 bytes), align: 0
  Segment part 4. ROOT.       Intra module refs:   clockSelect32k
                                                   clockSetMainSrc
           ENTRY                   ADDRESS         REF BY
           =====                   =======         ======
           CLKCONCMD               000000C6 
    -------------------------------------------------------------------------
NEAR_CODE
  Relative segment, address: CODE 00001307 - 0000133A (0x34 bytes), align: 0
  Segment part 10.
           ENTRY                   ADDRESS         REF BY
           =====                   =======         ======
           clockSetMainSrc         00001307        halMcuInit (hal_mcu)
    -------------------------------------------------------------------------
NEAR_CODE
  Relative segment, address: CODE 0000133B - 00001360 (0x26 bytes), align: 0
  Segment part 11.
           ENTRY                   ADDRESS         REF BY
           =====                   =======         ======
           clockSelect32k          0000133B        halMcuInit (hal_mcu)

    *************************************************************************

  FILE NAME : D:\FEIBIT CC2530\BasicRF µ—Èº∞‘¥≥Ã–Ú\CC2530 BasicRF\CC2530 BasicRF\ide\srf05_cc2530_91\iar\temp\per_test\hal_assert.r51
  PROGRAM MODULE, NAME : hal_assert

  SEGMENTS IN THE MODULE
  ======================
NEAR_CODE
  Relative segment, address: CODE 00001361 - 0000137D (0x1d bytes), align: 0
  Segment part 6.
           ENTRY                   ADDRESS         REF BY
           =====                   =======         ======
           halAssertHandler        00001361        appReceiver (per_test)
                                                   appTransmitter (per_test)
                                                   halMcuInit (hal_mcu)
                                                   halTimer32kInit (hal_timer_32k)
                                                   main (per_test)
               calls direct

    *************************************************************************

  FILE NAME : D:\FEIBIT CC2530\BasicRF µ—Èº∞‘¥≥Ã–Ú\CC2530 BasicRF\CC2530 BasicRF\ide\srf05_cc2530_91\iar\temp\per_test\hal_board.r51
  PROGRAM MODULE, NAME : hal_board

  SEGMENTS IN THE MODULE
  ======================
SFR_AN
  Relative segment, address: DATA 00000080 - 00000080 (0x1 bytes), align: 0
  Segment part 1. ROOT.       Intra module refs:   HalLcd_HW_Control (hal_lcd_srf05)
                                                   HalLcd_HW_Write (hal_lcd_srf05)
                                                   halBoardInit
                                                   halButtonPushed (hal_button)
                                                   halLcdInit (hal_lcd_srf05)
                                                   halLedClear (hal_led)
                                                   halLedSet (hal_led)
                                                   halLedToggle (hal_led)
                                                   halRfSetGain (hal_rf)
           ENTRY                   ADDRESS         REF BY
           =====                   =======         ======
           _A_P0                   00000080 
    -------------------------------------------------------------------------
SFR_AN
  Relative segment, address: DATA 0000008F - 0000008F (0x1 bytes), align: 0
  Segment part 2. ROOT.       Intra module refs:   halBoardInit
                                                   halButtonPushed (hal_button)
           ENTRY                   ADDRESS         REF BY
           =====                   =======         ======
           P0INP                   0000008F 
    -------------------------------------------------------------------------
SFR_AN
  Relative segment, address: DATA 00000090 - 00000090 (0x1 bytes), align: 0
  Segment part 3. ROOT.       Intra module refs:   HalLcd_HW_Control (hal_lcd_srf05)
                                                   HalLcd_HW_Write (hal_lcd_srf05)
                                                   halBoardInit
                                                   halLcdInit (hal_lcd_srf05)
                                                   halLedClear (hal_led)
                                                   halLedSet (hal_led)
                                                   halLedToggle (hal_led)
           ENTRY                   ADDRESS         REF BY
           =====                   =======         ======
           _A_P1                   00000090 
    -------------------------------------------------------------------------
SFR_AN
  Relative segment, address: DATA 000000F1 - 000000F1 (0x1 bytes), align: 0
  Segment part 5. ROOT.       Intra module refs:   halLcdSpiInit
           ENTRY                   ADDRESS         REF BY
           =====                   =======         ======
           PERCFG                  000000F1 
    -------------------------------------------------------------------------
SFR_AN
  Relative segment, address: DATA 000000F3 - 000000F3 (0x1 bytes), align: 0
  Segment part 6. ROOT.       Intra module refs:   halBoardInit
                                                   halButtonPushed (hal_button)
                                                   halJoystickInit (hal_joystick)
                                                   halLcdInit (hal_lcd_srf05)
           ENTRY                   ADDRESS         REF BY
           =====                   =======         ======
           P0SEL                   000000F3 
    -------------------------------------------------------------------------
SFR_AN
  Relative segment, address: DATA 000000F4 - 000000F4 (0x1 bytes), align: 0
  Segment part 7. ROOT.       Intra module refs:   halLcdInit (hal_lcd_srf05)
                                                   halLcdSpiInit
           ENTRY                   ADDRESS         REF BY
           =====                   =======         ======
           P1SEL                   000000F4 
    -------------------------------------------------------------------------
SFR_AN
  Relative segment, address: DATA 000000F5 - 000000F5 (0x1 bytes), align: 0
  Segment part 8. ROOT.       Intra module refs:   halBoardInit
                                                   halJoystickInit (hal_joystick)
           ENTRY                   ADDRESS         REF BY
           =====                   =======         ======
           P2SEL                   000000F5 
    -------------------------------------------------------------------------
SFR_AN
  Relative segment, address: DATA 000000F6 - 000000F6 (0x1 bytes), align: 0
  Segment part 9. ROOT.
           ENTRY                   ADDRESS         REF BY
           =====                   =======         ======
           P1INP                   000000F6 
    -------------------------------------------------------------------------
SFR_AN
  Relative segment, address: DATA 000000F7 - 000000F7 (0x1 bytes), align: 0
  Segment part 10. ROOT.      Intra module refs:   halBoardInit
                                                   halButtonPushed (hal_button)
                                                   halJoystickInit (hal_joystick)
           ENTRY                   ADDRESS         REF BY
           =====                   =======         ======
           P2INP                   000000F7 
    -------------------------------------------------------------------------
SFR_AN
  Relative segment, address: DATA 000000F8 - 000000F8 (0x1 bytes), align: 0
  Segment part 11. ROOT.      Intra module refs:   HalLcd_HW_Control (hal_lcd_srf05)
                                                   HalLcd_HW_Write (hal_lcd_srf05)
                                                   halLcdSpiInit
           ENTRY                   ADDRESS         REF BY
           =====                   =======         ======
           _A_U1CSR                000000F8 
    -------------------------------------------------------------------------
SFR_AN
  Relative segment, address: DATA 000000FA - 000000FA (0x1 bytes), align: 0
  Segment part 12. ROOT.      Intra module refs:   halLcdSpiInit
           ENTRY                   ADDRESS         REF BY
           =====                   =======         ======
           U1BAUD                  000000FA 
    -------------------------------------------------------------------------
SFR_AN
  Relative segment, address: DATA 000000FB - 000000FB (0x1 bytes), align: 0
  Segment part 13. ROOT.      Intra module refs:   halLcdSpiInit
           ENTRY                   ADDRESS         REF BY
           =====                   =======         ======
           U1UCR                   000000FB 
    -------------------------------------------------------------------------
SFR_AN
  Relative segment, address: DATA 000000FC - 000000FC (0x1 bytes), align: 0
  Segment part 14. ROOT.      Intra module refs:   halLcdSpiInit
           ENTRY                   ADDRESS         REF BY
           =====                   =======         ======
           U1GCR                   000000FC 
    -------------------------------------------------------------------------
SFR_AN
  Relative segment, address: DATA 000000FD - 000000FD (0x1 bytes), align: 0
  Segment part 15. ROOT.      Intra module refs:   halBoardInit
                                                   halButtonPushed (hal_button)
                                                   halLcdInit (hal_lcd_srf05)
                                                   halRfInit (hal_rf)
           ENTRY                   ADDRESS         REF BY
           =====                   =======         ======
           P0DIR                   000000FD 
    -------------------------------------------------------------------------
SFR_AN
  Relative segment, address: DATA 000000FE - 000000FE (0x1 bytes), align: 0
  Segment part 16. ROOT.      Intra module refs:   halBoardInit
                                                   halLcdInit (hal_lcd_srf05)
           ENTRY                   ADDRESS         REF BY
           =====                   =======         ======
           P1DIR                   000000FE 
    -------------------------------------------------------------------------
SFR_AN
  Relative segment, address: DATA 000000FF - 000000FF (0x1 bytes), align: 0
  Segment part 17. ROOT.      Intra module refs:   halBoardInit
                                                   halJoystickInit (hal_joystick)
           ENTRY                   ADDRESS         REF BY
           =====                   =======         ======
           P2DIR                   000000FF 
    -------------------------------------------------------------------------
NEAR_CODE
  Relative segment, address: CODE 0000137E - 000013B3 (0x36 bytes), align: 0
  Segment part 23.
           ENTRY                   ADDRESS         REF BY
           =====                   =======         ======
           halBoardInit            0000137E        main (per_test)
               calls direct
    -------------------------------------------------------------------------
NEAR_CODE
  Relative segment, address: CODE 000013B4 - 000013D2 (0x1f bytes), align: 0
  Segment part 24.            Intra module refs:   halBoardInit
           ENTRY                   ADDRESS         REF BY
           =====                   =======         ======
           halLcdSpiInit           000013B4 
    -------------------------------------------------------------------------
NEAR_CODE
  Relative segment, address: CODE 000013D3 - 000013DC (0xa bytes), align: 0
  Segment part 26.            Intra module refs:   halLcdSpiInit
           LOCAL                   ADDRESS         
           =====                   =======         
           ?Subroutine0            000013D3 

    *************************************************************************

  FILE NAME : D:\FEIBIT CC2530\BasicRF µ—Èº∞‘¥≥Ã–Ú\CC2530 BasicRF\CC2530 BasicRF\ide\srf05_cc2530_91\iar\temp\per_test\hal_button.r51
  PROGRAM MODULE, NAME : hal_button

  SEGMENTS IN THE MODULE
  ======================
NEAR_CODE
  Relative segment, address: CODE 000013DD - 000013E6 (0xa bytes), align: 0
  Segment part 12.            Intra module refs:   halButtonPushed
           LOCAL                   ADDRESS         
           =====                   =======         
           ?Subroutine0            000013DD 
    -------------------------------------------------------------------------
NEAR_CODE
  Relative segment, address: CODE 000013E7 - 00001428 (0x42 bytes), align: 0
  Segment part 13.
           ENTRY                   ADDRESS         REF BY
           =====                   =======         ======
           halButtonPushed         000013E7        appReceiver (per_test)
                                                   main (per_test)
                                                   utilMenuSelect (util_lcd)
               ISTACK = 00000000 ( 00000002 )

    *************************************************************************

  FILE NAME : D:\FEIBIT CC2530\BasicRF µ—Èº∞‘¥≥Ã–Ú\CC2530 BasicRF\CC2530 BasicRF\ide\srf05_cc2530_91\iar\temp\per_test\hal_digio.r51
  PROGRAM MODULE, NAME : hal_digio

  SEGMENTS IN THE MODULE
  ======================
SFR_AN
  Relative segment, address: DATA 00000089 - 00000089 (0x1 bytes), align: 0
  Segment part 2. ROOT.       Intra module refs:   port0_ISR
           ENTRY                   ADDRESS         REF BY
           =====                   =======         ======
           P0IFG                   00000089 
    -------------------------------------------------------------------------
SFR_AN
  Relative segment, address: DATA 0000008A - 0000008A (0x1 bytes), align: 0
  Segment part 3. ROOT.       Intra module refs:   port1_ISR
           ENTRY                   ADDRESS         REF BY
           =====                   =======         ======
           P1IFG                   0000008A 
    -------------------------------------------------------------------------
SFR_AN
  Relative segment, address: DATA 0000008B - 0000008B (0x1 bytes), align: 0
  Segment part 4. ROOT.       Intra module refs:   port2_ISR
           ENTRY                   ADDRESS         REF BY
           =====                   =======         ======
           P2IFG                   0000008B 
    -------------------------------------------------------------------------
SFR_AN
  Relative segment, address: DATA 0000008C - 0000008C (0x1 bytes), align: 0
  Segment part 5. ROOT.
           ENTRY                   ADDRESS         REF BY
           =====                   =======         ======
           PICTL                   0000008C 
    -------------------------------------------------------------------------
SFR_AN
  Relative segment, address: DATA 0000008D - 0000008D (0x1 bytes), align: 0
  Segment part 6. ROOT.
           ENTRY                   ADDRESS         REF BY
           =====                   =======         ======
           P1IEN                   0000008D 
    -------------------------------------------------------------------------
SFR_AN
  Relative segment, address: DATA 0000009A - 0000009A (0x1 bytes), align: 0
  Segment part 8. ROOT.       Intra module refs:   halRfDisableRxInterrupt (hal_rf)
                                                   halRfEnableRxInterrupt (hal_rf)
           ENTRY                   ADDRESS         REF BY
           =====                   =======         ======
           IEN2                    0000009A 
    -------------------------------------------------------------------------
SFR_AN
  Relative segment, address: DATA 000000A0 - 000000A0 (0x1 bytes), align: 0
  Segment part 9. ROOT.       Intra module refs:   halJoystickPushed (hal_joystick)
           ENTRY                   ADDRESS         REF BY
           =====                   =======         ======
           _A_P2                   000000A0 
    -------------------------------------------------------------------------
SFR_AN
  Relative segment, address: DATA 000000A8 - 000000A8 (0x1 bytes), align: 0
  Segment part 10. ROOT.      Intra module refs:   halIntOff (hal_int)
                                                   halIntOn (hal_int)
                                                   halRfRxInterruptConfig (hal_rf)
                                                   halTimer32kIntConnect (hal_timer_32k)
                                                   rfIsr (hal_rf)
           ENTRY                   ADDRESS         REF BY
           =====                   =======         ======
           _A_IEN0                 000000A8 
    -------------------------------------------------------------------------
SFR_AN
  Relative segment, address: DATA 000000AB - 000000AB (0x1 bytes), align: 0
  Segment part 11. ROOT.
           ENTRY                   ADDRESS         REF BY
           =====                   =======         ======
           P0IEN                   000000AB 
    -------------------------------------------------------------------------
SFR_AN
  Relative segment, address: DATA 000000AC - 000000AC (0x1 bytes), align: 0
  Segment part 12. ROOT.
           ENTRY                   ADDRESS         REF BY
           =====                   =======         ======
           P2IEN                   000000AC 
    -------------------------------------------------------------------------
SFR_AN
  Relative segment, address: DATA 000000B8 - 000000B8 (0x1 bytes), align: 0
  Segment part 13. ROOT.      Intra module refs:   halTimer32kInit (hal_timer_32k)
                                                   halTimer32kIntDisable (hal_timer_32k)
                                                   halTimer32kIntEnable (hal_timer_32k)
           ENTRY                   ADDRESS         REF BY
           =====                   =======         ======
           _A_IEN1                 000000B8 
    -------------------------------------------------------------------------
SFR_AN
  Relative segment, address: DATA 000000C0 - 000000C0 (0x1 bytes), align: 0
  Segment part 14. ROOT.      Intra module refs:   port0_ISR
           ENTRY                   ADDRESS         REF BY
           =====                   =======         ======
           _A_IRCON                000000C0 
    -------------------------------------------------------------------------
SFR_AN
  Relative segment, address: DATA 000000E8 - 000000E8 (0x1 bytes), align: 0
  Segment part 15. ROOT.      Intra module refs:   port1_ISR
                                                   port2_ISR
           ENTRY                   ADDRESS         REF BY
           =====                   =======         ======
           _A_IRCON2               000000E8 
    -------------------------------------------------------------------------
XDATA_Z
  Relative segment, address: XDATA 000001FD - 0000020C (0x10 bytes), align: 0
  Segment part 30.            Intra module refs:   Segment part 48
           LOCAL                   ADDRESS         
           =====                   =======         
           port0_isr_tbl           000001FD 
    -------------------------------------------------------------------------
XDATA_Z
  Relative segment, address: XDATA 0000020D - 0000021C (0x10 bytes), align: 0
  Segment part 31.            Intra module refs:   Segment part 51
           LOCAL                   ADDRESS         
           =====                   =======         
           port1_isr_tbl           0000020D 
    -------------------------------------------------------------------------
XDATA_Z
  Relative segment, address: XDATA 0000021D - 00000226 (0xa bytes), align: 0
  Segment part 32.            Intra module refs:   Segment part 55
           LOCAL                   ADDRESS         
           =====                   =======         
           port2_isr_tbl           0000021D 
    -------------------------------------------------------------------------
NEAR_CODE
  Relative segment, address: CODE 00001429 - 00001473 (0x4b bytes), align: 0
  Segment part 45.            Intra module refs:   port0_ISR::??INTVEC 107
           ENTRY                   ADDRESS         REF BY
           =====                   =======         ======
           port0_ISR               00001429 
               interrupt function
               ISTACK = 00000000 ( 00000010 )
    -------------------------------------------------------------------------
NEAR_CODE
  Relative segment, address: CODE 00001474 - 00001478 (0x5 bytes), align: 0
  Segment part 46.            Intra module refs:   port0_ISR
                                                   port1_ISR
                                                   port2_ISR
           LOCAL                   ADDRESS         
           =====                   =======         
           ?Subroutine6            00001474 
    -------------------------------------------------------------------------
NEAR_CODE
  Relative segment, address: CODE 00001479 - 00001479 (0x1 bytes), align: 0
  Segment part 47.            Intra module refs:   port0_ISR
           LOCAL                   ADDRESS         
           =====                   =======         
           ?Subroutine2            00001479 
    -------------------------------------------------------------------------
NEAR_CODE
  Relative segment, address: CODE 0000147A - 00001481 (0x8 bytes), align: 0
  Segment part 48.            Intra module refs:   ?Subroutine2
    -------------------------------------------------------------------------
NEAR_CODE
  Relative segment, address: CODE 00001482 - 000014CE (0x4d bytes), align: 0
  Segment part 49.            Intra module refs:   port1_ISR::??INTVEC 123
           ENTRY                   ADDRESS         REF BY
           =====                   =======         ======
           port1_ISR               00001482 
               interrupt function
               ISTACK = 00000000 ( 00000010 )
    -------------------------------------------------------------------------
NEAR_CODE
  Relative segment, address: CODE 000014CF - 000014CF (0x1 bytes), align: 0
  Segment part 50.            Intra module refs:   port1_ISR
           LOCAL                   ADDRESS         
           =====                   =======         
           ?Subroutine3            000014CF 
    -------------------------------------------------------------------------
NEAR_CODE
  Relative segment, address: CODE 000014D0 - 000014D7 (0x8 bytes), align: 0
  Segment part 51.            Intra module refs:   ?Subroutine3
    -------------------------------------------------------------------------
NEAR_CODE
  Relative segment, address: CODE 000014D8 - 000014E2 (0xb bytes), align: 0
  Segment part 52.            Intra module refs:   port0_ISR
                                                   port1_ISR
                                                   port2_ISR
           LOCAL                   ADDRESS         
           =====                   =======         
           ?Subroutine1            000014D8 
    -------------------------------------------------------------------------
NEAR_CODE
  Relative segment, address: CODE 000014E3 - 00001530 (0x4e bytes), align: 0
  Segment part 53.            Intra module refs:   port2_ISR::??INTVEC 51
           ENTRY                   ADDRESS         REF BY
           =====                   =======         ======
           port2_ISR               000014E3 
               interrupt function
               ISTACK = 00000000 ( 00000010 )
    -------------------------------------------------------------------------
NEAR_CODE
  Relative segment, address: CODE 00001531 - 00001531 (0x1 bytes), align: 0
  Segment part 54.            Intra module refs:   port2_ISR
           LOCAL                   ADDRESS         
           =====                   =======         
           ?Subroutine4            00001531 
    -------------------------------------------------------------------------
NEAR_CODE
  Relative segment, address: CODE 00001532 - 00001539 (0x8 bytes), align: 0
  Segment part 55.            Intra module refs:   ?Subroutine4
    -------------------------------------------------------------------------
INTVEC
  Common segment, address: CODE 00000000 - 00000035 (0x36 bytes), align: 0
  Segment part 22. ROOT.
           ENTRY                   ADDRESS         REF BY
           =====                   =======         ======
           port2_ISR::??INTVEC 51
                                   00000033 
    -------------------------------------------------------------------------
INTVEC
  Common segment, address: CODE 00000000 - 0000006D (0x6e bytes), align: 0
  Segment part 23. ROOT.
           ENTRY                   ADDRESS         REF BY
           =====                   =======         ======
           port0_ISR::??INTVEC 107
                                   0000006B 
    -------------------------------------------------------------------------
INTVEC
  Common segment, address: CODE 00000000 - 0000007D (0x7e bytes), align: 0
  Segment part 24. ROOT.
           ENTRY                   ADDRESS         REF BY
           =====                   =======         ======
           port1_ISR::??INTVEC 123
                                   0000007B 

    *************************************************************************

  FILE NAME : D:\FEIBIT CC2530\BasicRF µ—Èº∞‘¥≥Ã–Ú\CC2530 BasicRF\CC2530 BasicRF\ide\srf05_cc2530_91\iar\temp\per_test\hal_int.r51
  PROGRAM MODULE, NAME : hal_int

  SEGMENTS IN THE MODULE
  ======================
NEAR_CODE
  Relative segment, address: CODE 0000153A - 0000153C (0x3 bytes), align: 0
  Segment part 7.
           ENTRY                   ADDRESS         REF BY
           =====                   =======         ======
           halIntOn                0000153A        basicRfInit (basic_rf)
                                                   basicRfReceive (basic_rf)
                                                   basicRfRxFrmDoneIsr (basic_rf)
                                                   halBoardInit (hal_board)
    -------------------------------------------------------------------------
NEAR_CODE
  Relative segment, address: CODE 0000153D - 0000153F (0x3 bytes), align: 0
  Segment part 8.
           ENTRY                   ADDRESS         REF BY
           =====                   =======         ======
           halIntOff               0000153D        basicRfInit (basic_rf)
                                                   basicRfReceive (basic_rf)
                                                   basicRfRxFrmDoneIsr (basic_rf)

    *************************************************************************

  FILE NAME : D:\FEIBIT CC2530\BasicRF µ—Èº∞‘¥≥Ã–Ú\CC2530 BasicRF\CC2530 BasicRF\ide\srf05_cc2530_91\iar\temp\per_test\hal_joystick.r51
  PROGRAM MODULE, NAME : hal_joystick

  SEGMENTS IN THE MODULE
  ======================
NEAR_CODE
  Relative segment, address: CODE 00001540 - 0000154C (0xd bytes), align: 0
  Segment part 12.
           ENTRY                   ADDRESS         REF BY
           =====                   =======         ======
           halJoystickInit         00001540        appTransmitter (per_test)
    -------------------------------------------------------------------------
NEAR_CODE
  Relative segment, address: CODE 0000154D - 0000159F (0x53 bytes), align: 0
  Segment part 13.
           ENTRY                   ADDRESS         REF BY
           =====                   =======         ======
           halJoystickPushed       0000154D        appTransmitter (per_test)
               calls direct
               XSTACK = 00000000 ( 00000009 )
    -------------------------------------------------------------------------
NEAR_CODE
  Relative segment, address: CODE 000015A0 - 000015A4 (0x5 bytes), align: 0
  Segment part 14.            Intra module refs:   halJoystickGetDir
                                                   halJoystickPushed
           LOCAL                   ADDRESS         
           =====                   =======         
           ?Subroutine0            000015A0 
    -------------------------------------------------------------------------
XDATA_Z
  Relative segment, address: XDATA 00000227 - 00000227 (0x1 bytes), align: 0
  Segment part 11.            Intra module refs:   halJoystickPushed
           LOCAL                   ADDRESS         
           =====                   =======         
           halJoystickPushed::prevValue
                                   00000227 
    -------------------------------------------------------------------------
NEAR_CODE
  Relative segment, address: CODE 000015A5 - 000015F5 (0x51 bytes), align: 0
  Segment part 15.
           ENTRY                   ADDRESS         REF BY
           =====                   =======         ======
           halJoystickGetDir       000015A5        utilMenuSelect (util_lcd)
               calls direct
               XSTACK = 00000000 ( 00000009 )

    *************************************************************************

  FILE NAME : D:\FEIBIT CC2530\BasicRF µ—Èº∞‘¥≥Ã–Ú\CC2530 BasicRF\CC2530 BasicRF\ide\srf05_cc2530_91\iar\temp\per_test\hal_lcd_srf05.r51
  PROGRAM MODULE, NAME : hal_lcd_srf05

  SEGMENTS IN THE MODULE
  ======================
SFR_AN
  Relative segment, address: DATA 000000F9 - 000000F9 (0x1 bytes), align: 0
  Segment part 6. ROOT.       Intra module refs:   HalLcd_HW_Control
                                                   HalLcd_HW_Write
           ENTRY                   ADDRESS         REF BY
           =====                   =======         ======
           U1DBUF                  000000F9 
    -------------------------------------------------------------------------
CODE_C
  Relative segment, address: CODE 000009AF - 00000FAE (0x600 bytes), align: 0
  Segment part 14.            Intra module refs:   ?Subroutine7
           ENTRY                   ADDRESS         REF BY
           =====                   =======         ======
           ASCIITAB                000009AF 
    -------------------------------------------------------------------------
XDATA_Z
  Relative segment, address: XDATA 00000228 - 00000237 (0x10 bytes), align: 0
  Segment part 15.            Intra module refs:   ?Subroutine8
                                                   halLcdWriteLine
           LOCAL                   ADDRESS         
           =====                   =======         
           pLcdLineBuffer          00000228 
    -------------------------------------------------------------------------
NEAR_CODE
  Relative segment, address: CODE 000015F6 - 00001601 (0xc bytes), align: 0
  Segment part 18.            Intra module refs:   ?Subroutine9
                                                   SET_DDRAM_ADDR
                                                   halLcdInit
                                                   halLcdSetContrast
           LOCAL                   ADDRESS         
           =====                   =======         
           HalLcd_HW_Control       000015F6 
    -------------------------------------------------------------------------
NEAR_CODE
  Relative segment, address: CODE 00001602 - 00001608 (0x7 bytes), align: 0
  Segment part 19.            Intra module refs:   HalLcd_HW_Control
                                                   HalLcd_HW_Write
           LOCAL                   ADDRESS         
           =====                   =======         
           ?Subroutine10           00001602 
    -------------------------------------------------------------------------
NEAR_CODE
  Relative segment, address: CODE 00001609 - 00001616 (0xe bytes), align: 0
  Segment part 20.            Intra module refs:   ?Subroutine7
                                                   halLcdClear
           LOCAL                   ADDRESS         
           =====                   =======         
           HalLcd_HW_Write         00001609 
               XSTACK = 00000011 ( 00000000 )
    -------------------------------------------------------------------------
NEAR_CODE
  Relative segment, address: CODE 00001617 - 000016D4 (0xbe bytes), align: 0
  Segment part 21.            Intra module refs:   halLcdWriteLine
           LOCAL                   ADDRESS         
           =====                   =======         
           lcdWriteLine            00001617 
               calls direct
               XSTACK = 0000000F ( 00000011 )
    -------------------------------------------------------------------------
NEAR_CODE
  Relative segment, address: CODE 000016D5 - 000016D9 (0x5 bytes), align: 0
  Segment part 22.            Intra module refs:   lcdWriteLine
           LOCAL                   ADDRESS         
           =====                   =======         
           ?Subroutine11           000016D5 
    -------------------------------------------------------------------------
NEAR_CODE
  Relative segment, address: CODE 000016DA - 000016E4 (0xb bytes), align: 0
  Segment part 23.            Intra module refs:   lcdWriteLine
           LOCAL                   ADDRESS         
           =====                   =======         
           ?Subroutine0            000016DA 
    -------------------------------------------------------------------------
NEAR_CODE
  Relative segment, address: CODE 000016E5 - 000016EF (0xb bytes), align: 0
  Segment part 24.            Intra module refs:   ?Subroutine0
                                                   halLcdWriteChar
    -------------------------------------------------------------------------
NEAR_CODE
  Relative segment, address: CODE 000016F0 - 00001708 (0x19 bytes), align: 0
  Segment part 25.            Intra module refs:   halLcdClear
                                                   halLcdWriteChar
                                                   lcdWriteLine
           LOCAL                   ADDRESS         
           =====                   =======         
           SET_DDRAM_ADDR          000016F0 
               calls direct
               XSTACK = 00000011 ( 00000000 )
               ISTACK = 00000000 ( 00000001 )
    -------------------------------------------------------------------------
NEAR_CODE
  Relative segment, address: CODE 00001709 - 00001710 (0x8 bytes), align: 0
  Segment part 26.            Intra module refs:   SET_DDRAM_ADDR
                                                   halLcdSetContrast
           LOCAL                   ADDRESS         
           =====                   =======         
           ?Subroutine9            00001709 
    -------------------------------------------------------------------------
NEAR_CODE
  Relative segment, address: CODE 00001711 - 00001763 (0x53 bytes), align: 0
  Segment part 27.
           ENTRY                   ADDRESS         REF BY
           =====                   =======         ======
           halLcdInit              00001711        halBoardInit (hal_board)
               calls direct
    -------------------------------------------------------------------------
NEAR_CODE
  Relative segment, address: CODE 00001764 - 00001786 (0x23 bytes), align: 0
  Segment part 28.            Intra module refs:   halLcdInit
           ENTRY                   ADDRESS         REF BY
           =====                   =======         ======
           halLcdClear             00001764        appReceiver (per_test)
                                                   appTransmitter (per_test)
                                                   main (per_test)
               calls direct
               XSTACK = 00000000 ( 00000008 )
    -------------------------------------------------------------------------
NEAR_CODE
  Relative segment, address: CODE 00001787 - 0000178B (0x5 bytes), align: 0
  Segment part 29.            Intra module refs:   halLcdClear
                                                   halLcdWriteLines
           LOCAL                   ADDRESS         
           =====                   =======         
           ?Subroutine12           00001787 
    -------------------------------------------------------------------------
NEAR_CODE
  Relative segment, address: CODE 0000178C - 00001799 (0xe bytes), align: 0
  Segment part 30.            Intra module refs:   halLcdInit
           ENTRY                   ADDRESS         REF BY
           =====                   =======         ======
           halLcdSetContrast       0000178C 
               calls direct
               ISTACK = 00000000 ( 00000001 )
    -------------------------------------------------------------------------
NEAR_CODE
  Relative segment, address: CODE 0000179A - 0000179C (0x3 bytes), align: 0
  Segment part 31.
           ENTRY                   ADDRESS         REF BY
           =====                   =======         ======
           halLcdGetLineLength     0000179A        utilLcdDisplayValue (util_lcd)
                                                   utilMenuSelect (util_lcd)
                                                   utilPrintLogo (util_lcd)
    -------------------------------------------------------------------------
NEAR_CODE
  Relative segment, address: CODE 0000179D - 00001825 (0x89 bytes), align: 0
  Segment part 33.
           ENTRY                   ADDRESS         REF BY
           =====                   =======         ======
           halLcdWriteChar         0000179D        utilMenuSelect (util_lcd)
               calls direct
               XSTACK = 0000000B ( 0000000D )
    -------------------------------------------------------------------------
NEAR_CODE
  Relative segment, address: CODE 00001826 - 00001837 (0x12 bytes), align: 0
  Segment part 34.            Intra module refs:   Segment part 24
                                                   halLcdWriteChar
           LOCAL                   ADDRESS         
           =====                   =======         
           ?Subroutine7            00001826 
    -------------------------------------------------------------------------
NEAR_CODE
  Relative segment, address: CODE 00001838 - 0000183B (0x4 bytes), align: 0
  Segment part 35.            Intra module refs:   halLcdWriteChar
                                                   lcdWriteLine
           LOCAL                   ADDRESS         
           =====                   =======         
           ?Subroutine1            00001838 
    -------------------------------------------------------------------------
NEAR_CODE
  Relative segment, address: CODE 0000183C - 00001844 (0x9 bytes), align: 0
  Segment part 36.            Intra module refs:   ?Subroutine1
                                                   halLcdWriteChar
                                                   lcdWriteLine
    -------------------------------------------------------------------------
NEAR_CODE
  Relative segment, address: CODE 00001845 - 00001885 (0x41 bytes), align: 0
  Segment part 37.            Intra module refs:   halLcdWriteLines
           ENTRY                   ADDRESS         REF BY
           =====                   =======         ======
           halLcdWriteLine         00001845        appSelectBurstSize (per_test_menu)
                                                   appSelectChannel (per_test_menu)
                                                   appSelectGain (per_test_menu)
                                                   appSelectMode (per_test_menu)
                                                   appSelectOutputPower (per_test_menu)
                                                   appSelectRate (per_test_menu)
                                                   utilLcdDisplayValue (util_lcd)
                                                   utilMenuSelect (util_lcd)
                                                   utilPrintLogo (util_lcd)
               calls direct
               XSTACK = 00000008 ( 00000009 )
               ISTACK = 00000000 ( 00000001 )
    -------------------------------------------------------------------------
NEAR_CODE
  Relative segment, address: CODE 00001886 - 000018CA (0x45 bytes), align: 0
  Segment part 38.
           ENTRY                   ADDRESS         REF BY
           =====                   =======         ======
           halLcdWriteLines        00001886        appReceiver (per_test)
                                                   appTransmitter (per_test)
               calls direct
               XSTACK = 00000002 ( 00000008 )
    -------------------------------------------------------------------------
NEAR_CODE
  Relative segment, address: CODE 000018CB - 000018CE (0x4 bytes), align: 0
  Segment part 41.            Intra module refs:   halLcdWriteLine
    -------------------------------------------------------------------------
NEAR_CODE
  Relative segment, address: CODE 000018CF - 000018DA (0xc bytes), align: 0
  Segment part 42.            Intra module refs:   Segment part 41
                                                   Segment part 44
           LOCAL                   ADDRESS         
           =====                   =======         
           ?Subroutine8            000018CF 
    -------------------------------------------------------------------------
NEAR_CODE
  Relative segment, address: CODE 000018DB - 000018E1 (0x7 bytes), align: 0
  Segment part 44.            Intra module refs:   halLcdWriteLine
    -------------------------------------------------------------------------
NEAR_CODE
  Relative segment, address: CODE 000018E2 - 000018E2 (0x1 bytes), align: 0
  Segment part 51.
           ENTRY                   ADDRESS         REF BY
           =====                   =======         ======
           halLcdCreateSpecChar    000018E2        utilPrintLogo (util_lcd)
    -------------------------------------------------------------------------
NEAR_CODE
  Relative segment, address: CODE 000018E3 - 000018E3 (0x1 bytes), align: 0
  Segment part 52.
           ENTRY                   ADDRESS         REF BY
           =====                   =======         ======
           halLcdWriteSpecChar     000018E3        utilPrintLogo (util_lcd)

    *************************************************************************

  FILE NAME : D:\FEIBIT CC2530\BasicRF µ—Èº∞‘¥≥Ã–Ú\CC2530 BasicRF\CC2530 BasicRF\ide\srf05_cc2530_91\iar\temp\per_test\hal_led.r51
  PROGRAM MODULE, NAME : hal_led

  SEGMENTS IN THE MODULE
  ======================
XDATA_Z
  Relative segment, address: XDATA 00000238 - 00000238 (0x1 bytes), align: 0
  Segment part 8.             Intra module refs:   halLedClear
                                                   halLedSet
                                                   halLedToggle
           ENTRY                   ADDRESS         REF BY
           =====                   =======         ======
           led4State               00000238        halButtonPushed (hal_button)
    -------------------------------------------------------------------------
NEAR_CODE
  Relative segment, address: CODE 000018E4 - 0000190B (0x28 bytes), align: 0
  Segment part 9.
           ENTRY                   ADDRESS         REF BY
           =====                   =======         ======
           halLedSet               000018E4        appReceiver (per_test)
                                                   main (per_test)
               ISTACK = 00000000 ( 00000002 )
    -------------------------------------------------------------------------
NEAR_CODE
  Relative segment, address: CODE 0000190C - 00001910 (0x5 bytes), align: 0
  Segment part 10.            Intra module refs:   halLedClear
                                                   halLedSet
[...]
                                                   halRfWriteTxBuf (hal_rf)
                                                   halTimer32kInit (hal_timer_32k)
                                                   lcdWriteLine (hal_lcd_srf05)
                                                   memcpy (?memcpy)
                                                   strcat (?strcat)
                                                   strncpy (?strncpy)
                                                   utilLcdDisplayValue (util_lcd)
                                                   utilMenuSelect (util_lcd)
                                                   utilPrintLogo (util_lcd)

    -------------------------------------------------------------------------
  LIBRARY MODULE, NAME : ?FUNC_LEAVE_XDATA

  SEGMENTS IN THE MODULE
  ======================
RCODE
  Relative segment, address: CODE 000007F1 - 00000828 (0x38 bytes), align: 0
  Segment part 1.
           ENTRY                   ADDRESS         REF BY
           =====                   =======         ======
           ?FUNC_LEAVE_XDATA       000007F1        ?Subroutine0 (hal_joystick)
                                                   ?Subroutine11 (hal_lcd_srf05)
                                                   ?Subroutine11 (util_lcd)
                                                   ?Subroutine12 (hal_lcd_srf05)
                                                   ?Subroutine2 (hal_rf)
                                                   ?Subroutine9 (util_lcd)
                                                   Segment part 30 (util_lcd)
                                                   appSelectBurstSize (per_test_menu)
                                                   basicRfInit (basic_rf)
                                                   basicRfReceive (basic_rf)
                                                   basicRfSendPacket (basic_rf)
                                                   convInt32ToText (util)
                                                   halLcdWriteChar (hal_lcd_srf05)
                                                   halLcdWriteLine (hal_lcd_srf05)
                                                   halMcuWaitMs (hal_mcu)
                                                   halTimer32kInit (hal_timer_32k)
                                                   memcpy (?memcpy)
                                                   strcat (?strcat)
                                                   strncpy (?strncpy)

    -------------------------------------------------------------------------
  LIBRARY MODULE, NAME : ?INTERRUPT_ENTER_XSP

  SEGMENTS IN THE MODULE
  ======================
RCODE
  Relative segment, address: CODE 00000829 - 00000887 (0x5f bytes), align: 0
  Segment part 1.
           ENTRY                   ADDRESS         REF BY
           =====                   =======         ======
           ?INTERRUPT_ENTER_XSP    00000829        T1_ISR (hal_timer_32k)
                                                   port0_ISR (hal_digio)
                                                   port1_ISR (hal_digio)
                                                   port2_ISR (hal_digio)
                                                   rfIsr (hal_rf)

    -------------------------------------------------------------------------
  LIBRARY MODULE, NAME : ?INTERRUPT_LEAVE_XSP

  SEGMENTS IN THE MODULE
  ======================
RCODE
  Relative segment, address: CODE 00000888 - 000008D7 (0x50 bytes), align: 0
  Segment part 1.
           ENTRY                   ADDRESS         REF BY
           =====                   =======         ======
           ?INTERRUPT_LEAVE_XSP    00000888        ?Subroutine6 (hal_digio)
                                                   T1_ISR (hal_timer_32k)
                                                   rfIsr (hal_rf)

    -------------------------------------------------------------------------
  LIBRARY MODULE, NAME : ?PUSH_XSTACK_I

  SEGMENTS IN THE MODULE
  ======================
RCODE
  Relative segment, address: CODE 000008D8 - 000008DB (0x4 bytes), align: 0
  Segment part 0.
           ENTRY                   ADDRESS         REF BY
           =====                   =======         ======
           ?PUSH_XSTACK_I_FOUR     000008D8        appReceiver (per_test)
                                                   appTransmitter (per_test)
    -------------------------------------------------------------------------
RCODE
  Relative segment, address: CODE 000008DC - 000008DF (0x4 bytes), align: 0
  Segment part 2.
           ENTRY                   ADDRESS         REF BY
           =====                   =======         ======
           ?PUSH_XSTACK_I_TWO      000008DC        appReceiver (per_test)
                                                   appTransmitter (per_test)
                                                   basicRfReceive (basic_rf)
                                                   utilPrintLogo (util_lcd)
    -------------------------------------------------------------------------
RCODE
  Relative segment, address: CODE 000008E0 - 000008EC (0xd bytes), align: 0
  Segment part 4.             Intra module refs:   ?PUSH_XSTACK_I_FOUR
                                                   ?PUSH_XSTACK_I_TWO
           ENTRY                   ADDRESS         REF BY
           =====                   =======         ======
           ?PUSH_XSTACK_I          000008E0 

    -------------------------------------------------------------------------
  LIBRARY MODULE, NAME : ?PUSH_XSTACK8_X

  SEGMENTS IN THE MODULE
  ======================
RCODE
  Relative segment, address: CODE 000008ED - 000008F0 (0x4 bytes), align: 0
  Segment part 1.
           ENTRY                   ADDRESS         REF BY
           =====                   =======         ======
           ?PUSH_XSTACK8_X_FOUR    000008ED        appReceiver (per_test)
    -------------------------------------------------------------------------
RCODE
  Relative segment, address: CODE 000008F1 - 00000919 (0x29 bytes), align: 0
  Segment part 5.             Intra module refs:   ?PUSH_XSTACK8_X_FOUR
           ENTRY                   ADDRESS         REF BY
           =====                   =======         ======
           ?PUSH_XSTACK8_X         000008F1 

    -------------------------------------------------------------------------
  LIBRARY MODULE, NAME : ?UC_SWITCH_DENSE

  SEGMENTS IN THE MODULE
  ======================
RCODE
  Relative segment, address: CODE 0000091A - 0000091F (0x6 bytes), align: 0
  Segment part 0.
           ENTRY                   ADDRESS         REF BY
           =====                   =======         ======
           ?UC_SWITCH_DENSE        0000091A        halLedClear (hal_led)
                                                   halLedSet (hal_led)
                                                   halLedToggle (hal_led)
                                                   halRfSetTxPower (hal_rf)
    -------------------------------------------------------------------------
RCODE
  Relative segment, address: CODE 00000920 - 0000094E (0x2f bytes), align: 0
  Segment part 2.             Intra module refs:   ?UC_SWITCH_DENSE
    -------------------------------------------------------------------------
RCODE
  Relative segment, address: CODE 0000094F - 0000094F (0x1 bytes), align: 0
  Segment part 4.             Intra module refs:   ?UC_SWITCH_DENSE

    -------------------------------------------------------------------------
  LIBRARY MODULE, NAME : ?UC_SWITCH_SPARSE

  SEGMENTS IN THE MODULE
  ======================
RCODE
  Relative segment, address: CODE 00000950 - 00000956 (0x7 bytes), align: 0
  Segment part 0.
           ENTRY                   ADDRESS         REF BY
           =====                   =======         ======
           ?UC_SWITCH_SPARSE       00000950        utilChipIdToStr (util)
    -------------------------------------------------------------------------
RCODE
  Relative segment, address: CODE 00000957 - 00000978 (0x22 bytes), align: 0
  Segment part 2.             Intra module refs:   ?UC_SWITCH_SPARSE
           ENTRY                   ADDRESS         REF BY
           =====                   =======         ======
           ?UC_SWITCH_SPARSE_LEAVE
                                   0000096D        ?UC_JMP_IF_IN_RANGE (?UC_JMP_IF_IN_RANGE)
                                                   ?UC_JMP_IF_VALUE (?UC_JMP_IF_VALUE)
    -------------------------------------------------------------------------
RCODE
  Relative segment, address: CODE 00000979 - 00000979 (0x1 bytes), align: 0
  Segment part 4.             Intra module refs:   ?UC_SWITCH_SPARSE

    -------------------------------------------------------------------------
  LIBRARY MODULE, NAME : ?UC_JMP_IF_IN_RANGE

  SEGMENTS IN THE MODULE
  ======================
RCODE
  Relative segment, address: CODE 0000097A - 00000998 (0x1f bytes), align: 0
  Segment part 0.
           ENTRY                   ADDRESS         REF BY
           =====                   =======         ======
           ?UC_JMP_IF_IN_RANGE     0000097A        ?UC_SWITCH_SPARSE_LEAVE (?UC_SWITCH_SPARSE)

    -------------------------------------------------------------------------
  LIBRARY MODULE, NAME : ?UC_JMP_IF_VALUE

  SEGMENTS IN THE MODULE
  ======================
RCODE
  Relative segment, address: CODE 00000999 - 000009AE (0x16 bytes), align: 0
  Segment part 0.
           ENTRY                   ADDRESS         REF BY
           =====                   =======         ======
           ?UC_JMP_IF_VALUE        00000999        ?UC_SWITCH_SPARSE_LEAVE (?UC_SWITCH_SPARSE)

    -------------------------------------------------------------------------
  LIBRARY MODULE, NAME : ?memcpy

  SEGMENTS IN THE MODULE
  ======================
NEAR_CODE
  Relative segment, address: CODE 0000269C - 000026E3 (0x48 bytes), align: 0
  Segment part 6.
           ENTRY                   ADDRESS         REF BY
           =====                   =======         ======
           memcpy                  0000269C        basicRfReceive (basic_rf)
               XSTACK = 00000002 ( 00000009 )
               ISTACK = 00000000 ( 00000001 )

    -------------------------------------------------------------------------
  LIBRARY MODULE, NAME : ?strcat

  SEGMENTS IN THE MODULE
  ======================
NEAR_CODE
  Relative segment, address: CODE 000026E4 - 00002719 (0x36 bytes), align: 0
  Segment part 6.
           ENTRY                   ADDRESS         REF BY
           =====                   =======         ======
           strcat                  000026E4        utilPrintLogo (util_lcd)
               XSTACK = 00000000 ( 00000008 )
               ISTACK = 00000000 ( 00000001 )

    -------------------------------------------------------------------------
  LIBRARY MODULE, NAME : ?strlen

  SEGMENTS IN THE MODULE
  ======================
NEAR_CODE
  Relative segment, address: CODE 0000271A - 00002735 (0x1c bytes), align: 0
  Segment part 6.
           ENTRY                   ADDRESS         REF BY
           =====                   =======         ======
           strlen                  0000271A        lcdWriteLine (hal_lcd_srf05)
                                                   utilPrintLogo (util_lcd)
               ISTACK = 00000000 ( 00000002 )

    -------------------------------------------------------------------------
  LIBRARY MODULE, NAME : ?strncpy

  SEGMENTS IN THE MODULE
  ======================
NEAR_CODE
  Relative segment, address: CODE 00002736 - 0000279C (0x67 bytes), align: 0
  Segment part 6.
           ENTRY                   ADDRESS         REF BY
           =====                   =======         ======
           strncpy                 00002736        utilPrintLogo (util_lcd)
               XSTACK = 00000002 ( 00000009 )
               ISTACK = 00000000 ( 00000001 )

    -------------------------------------------------------------------------
  LIBRARY MODULE, NAME : ?low_level_init

  SEGMENTS IN THE MODULE
  ======================
CSTART
  Relative segment, address: CODE 000000E2 - 000000E4 (0x3 bytes), align: 0
  Segment part 6. ROOT.
           ENTRY                   ADDRESS         REF BY
           =====                   =======         ======
           __low_level_init        000000E2        __low_level_init_call (?cmain)




                ****************************************
                *                                      *
                *            MODULE SUMMARY            *
                *                                      *
                ****************************************

Module                     CODE      DATA      XDATA  IDATA    BIT
------                     ----      ----      -----  -----    ---
                          (Rel)  (Rel)  (Abs)  (Rel)  (Rel)  (Rel)
?ADD_XSTACK_DISP8            27
?ALLOC_XSTACK8               22
?CALL_IND                     2
?DEALLOC_XSTACK8             26
?FUNC_ENTER_XDATA            96
?FUNC_LEAVE_XDATA            56
?INTERRUPT_ENTER_XSP         95
?INTERRUPT_LEAVE_XSP         80
?L_ADD_TO_X                  19
?L_ADD_X                     19
?L_DIV_MOD                   87
?L_EQ_X                      21
?L_MOV_TO_X                  15
?L_MOV_X                     15
?L_MUL                      128
?L_NEG                       17
?L_NEG_R1                    17
?L_SUB_X                     24
?MOVE_LONG8_XDATA_IDATA      13
?MOVE_LONG8_XDATA_XDATA      33
?PUSH_XSTACK8_X              45
?PUSH_XSTACK_I               21
?SL_GT_X                     21
?S_DIV_MOD                  154
?S_SHL                       19
?UC_JMP_IF_IN_RANGE          31
?UC_JMP_IF_VALUE             22
?UC_SWITCH_DENSE             54
?UC_SWITCH_SPARSE            42
?UL_DIV_MOD                 112
?UL_GT                       16
?UL_GT_X                     16
?XSTACK_DISP8                10
?cexit                        5
?cmain                       72
?low_level_init               3
?memcpy                      72
?strcat                      54
?strlen                      28
?strncpy                    103
CSTARTUP                     15
  + common                    3
VIRTUAL_REGISTERS                    2                           8
adc                          67             5
basic_rf                    805                  264
  + shared                                         4
clock                        90             3
  + shared                                  1
hal_assert                   29
hal_board                    95             5
  + shared                                 11
hal_button                   76
hal_digio                   273             9     42
  + shared                  126             4
  + common
hal_int                       6
hal_joystick                182                    1
hal_lcd_srf05             2 286             1     16
hal_led                     139                    1
hal_mcu                     124             1
hal_rf                      547             5     51
  + common                  134
hal_timer_32k               134             6      2
  + common                   78
per_test                  1 454                  212
per_test_menu               694                  545
util                        484                   71
util_lcd                    795                  102
N/A (command line)                  16           256     64
N/A (alignment)
----------               ------     --     --  -----     --      -
Total:                   10 007     18     51  1 567     64      8
  + common                  134


                ****************************************
                *                                      *
                *      SEGMENTS IN ADDRESS ORDER       *
                *                                      *
                ****************************************


SEGMENT              SPACE    START ADDRESS   END ADDRESS     SIZE  TYPE  ALIGN
=======              =====    =============   ===========     ====  ====  =====
INTVEC               CODE          00000000 - 00000085          86   com    0
CSTART               CODE          00000086 - 000000E4          5F   rel    0
DATA_ID              CODE               000000E5                     dse    0
BDATA_ID             CODE               000000E5                     dse    0
BIT_ID               CODE               000000E5                     dse    0
IDATA_ID             CODE               000000E5                     dse    0
IXDATA_ID            CODE               000000E5                     dse    0
PDATA_ID             CODE               000000E5                     dse    0
XDATA_ID             CODE          000000E5 - 0000044F         36B   rel    0
BANK_RELAYS          CODE               00000450                     dse    0
RCODE                CODE          00000450 - 000009AE         55F   rel    0
DIFUNCT              CODE               000009AF                     dse    0
CODE_C               CODE          000009AF - 00000FAE         600   rel    0
CODE_N               CODE               00000FAF                     dse    0
NEAR_CODE            CODE          00000FAF - 0000279C        17EE   rel    0
REGISTERS            DATA          00000000 - 00000007           8   rel    0
VREG                 DATA          00000008 - 0000000F           8   rel    0
PSP                  DATA               00000010                     dse    0
XSP                  DATA          00000010 - 00000011           2   rel    0
BREG                 BIT        00000020.0  -  00000020.7        8   rel    0
SFR_AN               DATA          00000080 - 00000080           1   rel    0
                     DATA          00000088 - 0000008D           6 
                     DATA          0000008F - 00000091           3 
                     DATA          0000009A - 0000009B           2 
                     DATA          0000009D - 0000009E           2 
                     DATA          000000A0 - 000000A0           1 
                     DATA          000000A8 - 000000A8           1 
                     DATA          000000AB - 000000AC           2 
                     DATA          000000AF - 000000AF           1 
                     DATA          000000B6 - 000000B6           1 
                     DATA          000000B8 - 000000B8           1 
                     DATA          000000BA - 000000BB           2 
                     DATA          000000BE - 000000BE           1 
                     DATA          000000C0 - 000000C0           1 
                     DATA          000000C6 - 000000C6           1 
                     DATA          000000C9 - 000000C9           1 
                     DATA          000000D9 - 000000DB           3 
                     DATA          000000E1 - 000000E2           2 
                     DATA          000000E4 - 000000E5           2 
                     DATA          000000E8 - 000000E9           2 
                     DATA          000000F1 - 000000FF           F 
XSTACK               XDATA         00000001 - 00000100         100   rel    0
XDATA_Z              XDATA         00000101 - 000002B4         1B4   rel    0
XDATA_I              XDATA         000002B5 - 0000061F         36B   rel    0
ISTACK               IDATA         000000C0 - 000000FF          40   rel    0

                ****************************************
                *                                      *
                *        END OF CROSS REFERENCE        *
                *                                      *
                ****************************************

 10 141 bytes of CODE  memory
     18 bytes of DATA  memory (+ 51 absolute )
  1 567 bytes of XDATA memory
     64 bytes of IDATA memory
      8 bits  of BIT   memory

Errors: none
Warnings: none

